
> starter_helpi@0.1.0 test
> react-scripts test --coverage

  console.error
    Error: Not implemented: HTMLCanvasElement.prototype.getContext (without installing the canvas npm package)
        at module.exports (/home/runner/work/CISC275Project/CISC275Project/node_modules/jsdom/lib/jsdom/browser/not-implemented.js:9:17)
        at HTMLCanvasElementImpl.getContext (/home/runner/work/CISC275Project/CISC275Project/node_modules/jsdom/lib/jsdom/living/nodes/HTMLCanvasElement-impl.js:42:5)
        at HTMLCanvasElement.getContext (/home/runner/work/CISC275Project/CISC275Project/node_modules/jsdom/lib/jsdom/living/generated/HTMLCanvasElement.js:131:58)
        at hasBrowserCanvas (/home/runner/work/CISC275Project/CISC275Project/node_modules/jspdf/src/libs/png.js:479:36)
        at /home/runner/work/CISC275Project/CISC275Project/node_modules/jspdf/src/libs/png.js:488:3
        at Object.<anonymous> (/home/runner/work/CISC275Project/CISC275Project/node_modules/jspdf/src/libs/png.js:28:11)
        at Runtime._execModule (/home/runner/work/CISC275Project/CISC275Project/node_modules/jest-runtime/build/index.js:1646:24)
        at Runtime._loadModule (/home/runner/work/CISC275Project/CISC275Project/node_modules/jest-runtime/build/index.js:1185:12)
        at Runtime.requireModule (/home/runner/work/CISC275Project/CISC275Project/node_modules/jest-runtime/build/index.js:1009:12)
        at Runtime.require [as requireModuleOrMock] (/home/runner/work/CISC275Project/CISC275Project/node_modules/jest-runtime/build/index.js:1210:21)
        at Object.<anonymous> (/home/runner/work/CISC275Project/CISC275Project/src/Results.tsx:3:1)
        at Runtime._execModule (/home/runner/work/CISC275Project/CISC275Project/node_modules/jest-runtime/build/index.js:1646:24)
        at Runtime._loadModule (/home/runner/work/CISC275Project/CISC275Project/node_modules/jest-runtime/build/index.js:1185:12)
        at Runtime.requireModule (/home/runner/work/CISC275Project/CISC275Project/node_modules/jest-runtime/build/index.js:1009:12)
        at Runtime.require [as requireModuleOrMock] (/home/runner/work/CISC275Project/CISC275Project/node_modules/jest-runtime/build/index.js:1210:21)
        at Object.<anonymous> (/home/runner/work/CISC275Project/CISC275Project/src/App.tsx:7:1)
        at Runtime._execModule (/home/runner/work/CISC275Project/CISC275Project/node_modules/jest-runtime/build/index.js:1646:24)
        at Runtime._loadModule (/home/runner/work/CISC275Project/CISC275Project/node_modules/jest-runtime/build/index.js:1185:12)
        at Runtime.requireModule (/home/runner/work/CISC275Project/CISC275Project/node_modules/jest-runtime/build/index.js:1009:12)
        at Runtime.require [as requireModuleOrMock] (/home/runner/work/CISC275Project/CISC275Project/node_modules/jest-runtime/build/index.js:1210:21)
        at Object.<anonymous> (/home/runner/work/CISC275Project/CISC275Project/src/App.test.tsx:3:1)
        at Runtime._execModule (/home/runner/work/CISC275Project/CISC275Project/node_modules/jest-runtime/build/index.js:1646:24)
        at Runtime._loadModule (/home/runner/work/CISC275Project/CISC275Project/node_modules/jest-runtime/build/index.js:1185:12)
        at Runtime.requireModule (/home/runner/work/CISC275Project/CISC275Project/node_modules/jest-runtime/build/index.js:1009:12)
        at jestAdapter (/home/runner/work/CISC275Project/CISC275Project/node_modules/jest-circus/build/legacy-code-todo-rewrite/jestAdapter.js:79:13)
        at processTicksAndRejections (node:internal/process/task_queues:96:5)
        at runTestInternal (/home/runner/work/CISC275Project/CISC275Project/node_modules/jest-runner/build/runTest.js:389:16)
        at runTest (/home/runner/work/CISC275Project/CISC275Project/node_modules/jest-runner/build/runTest.js:475:34)
        at TestRunner.runTests (/home/runner/work/CISC275Project/CISC275Project/node_modules/jest-runner/build/index.js:101:12)
        at TestScheduler.scheduleTests (/home/runner/work/CISC275Project/CISC275Project/node_modules/@jest/core/build/TestScheduler.js:333:13)
        at runJest (/home/runner/work/CISC275Project/CISC275Project/node_modules/@jest/core/build/runJest.js:404:19)
        at _run10000 (/home/runner/work/CISC275Project/CISC275Project/node_modules/@jest/core/build/cli/index.js:320:7)
        at runCLI (/home/runner/work/CISC275Project/CISC275Project/node_modules/@jest/core/build/cli/index.js:173:3)
        at Object.run (/home/runner/work/CISC275Project/CISC275Project/node_modules/jest-cli/build/cli/index.js:155:37) undefined

      1 | import React, { useEffect, useState } from 'react';
      2 | import { Container, Navbar, Nav, Card, Button } from 'react-bootstrap';
    > 3 | import jsPDF from 'jspdf';
        | ^
      4 |
      5 | interface ResultPageProps {
      6 |   navigateTo: (page: string) => void;

      at VirtualConsole.<anonymous> (node_modules/jsdom/lib/jsdom/virtual-console.js:29:45)
      at module.exports (node_modules/jsdom/lib/jsdom/browser/not-implemented.js:12:26)
      at HTMLCanvasElementImpl.getContext (node_modules/jsdom/lib/jsdom/living/nodes/HTMLCanvasElement-impl.js:42:5)
      at HTMLCanvasElement.getContext (node_modules/jsdom/lib/jsdom/living/generated/HTMLCanvasElement.js:131:58)
      at hasBrowserCanvas (node_modules/jspdf/src/libs/png.js:479:36)
      at node_modules/jspdf/src/libs/png.js:488:3
      at Object.<anonymous> (node_modules/jspdf/src/libs/png.js:28:11)
      at Object.<anonymous> (src/Results.tsx:3:1)
      at Object.<anonymous> (src/App.tsx:7:1)
      at Object.<anonymous> (src/App.test.tsx:3:1)
      at TestScheduler.scheduleTests (node_modules/@jest/core/build/TestScheduler.js:333:13)
      at runJest (node_modules/@jest/core/build/runJest.js:404:19)
      at _run10000 (node_modules/@jest/core/build/cli/index.js:320:7)
      at runCLI (node_modules/@jest/core/build/cli/index.js:173:3)

FAIL src/App.test.tsx
  ✕ renders learn react link (64 ms)

  ● renders learn react link

    TestingLibraryElementError: Unable to find an element with the text: /learn react/i. This could be because the text is broken up by multiple elements. In this case, you can provide a function for your text matcher to make your matcher more flexible.

    Ignored nodes: comments, script, style
    [36m<body>[39m
      [36m<div>[39m
        [36m<div[39m
          [33mclass[39m=[32m"App-wrapper"[39m
        [36m>[39m
          [36m<div[39m
            [33mclass[39m=[32m"App-wrapper "[39m
            [33mstyle[39m=[32m"background-image: url(./resort.gif); background-size: cover; background-repeat: no-repeat; min-height: 100vh;"[39m
          [36m>[39m
            [36m<div[39m
              [33mclass[39m=[32m"overlay"[39m
            [36m/>[39m
            [36m<nav[39m
              [33mclass[39m=[32m"backdrop-blur navbar navbar-expand-lg navbar-light"[39m
            [36m>[39m
              [36m<div[39m
                [33mclass[39m=[32m"container"[39m
              [36m>[39m
                [36m<a[39m
                  [33mclass[39m=[32m"navbar-brand"[39m
                  [33mhref[39m=[32m"#"[39m
                [36m>[39m
                  [0mThe Career Lagoon[0m
                [36m</a>[39m
                [36m<button[39m
                  [33maria-controls[39m=[32m"basic-navbar-nav"[39m
                  [33maria-label[39m=[32m"Toggle navigation"[39m
                  [33mclass[39m=[32m"navbar-toggler collapsed"[39m
                  [33mtype[39m=[32m"button"[39m
                [36m>[39m
                  [36m<span[39m
                    [33mclass[39m=[32m"navbar-toggler-icon"[39m
                  [36m/>[39m
                [36m</button>[39m
                [36m<div[39m
                  [33mclass[39m=[32m"navbar-collapse collapse"[39m
                  [33mid[39m=[32m"basic-navbar-nav"[39m
                [36m>[39m
                  [36m<div[39m
                    [33mclass[39m=[32m"me-auto navbar-nav"[39m
                  [36m>[39m
                    [36m<a[39m
                      [33mclass[39m=[32m"nav-link"[39m
                      [33mdata-rr-ui-event-key[39m=[32m"#"[39m
                      [33mhref[39m=[32m"#"[39m
                      [33mrole[39m=[32m"button"[39m
                      [33mtabindex[39m=[32m"0"[39m
                    [36m>[39m
                      [0mHome[0m
                    [36m</a>[39m
                    [36m<a[39m
                      [33mclass[39m=[32m"nav-link"[39m
                      [33mdata-rr-ui-event-key[39m=[32m"#"[39m
                      [33mhref[39m=[32m"#"[39m
                      [33mrole[39m=[32m"button"[39m
                      [33mtabindex[39m=[32m"0"[39m
                    [36m>[39m
                      [0mContact[0m
                    [36m</a>[39m
                    [36m<a[39m
                      [33mclass[39m=[32m"nav-link"[39m
                      [33mdata-rr-ui-event-key[39m=[32m"#"[39m
                      [33mhref[39m=[32m"#"[39m
                      [33mrole[39m=[32m"button"[39m
                      [33mtabindex[39m=[32m"0"[39m
                    [36m>[39m
                      [0mAbout[0m
                    [36m</a>[39m
                  [36m</div>[39m
                  [36m<div[39m
                    [33mclass[39m=[32m"mode-toggle"[39m
                    [33mstyle[39m=[32m"display: flex; flex-direction: row; align-items: center; gap: 15px; text-align: right; font-size: 13px;"[39m
                  [36m>[39m
                    [36m<div[39m
                      [33mstyle[39m=[32m"display: flex; align-items: center; gap: 5px;"[39m
                    [36m>[39m
                      [36m<span[39m
                        [33mstyle[39m=[32m"font-size: 1.2rem;"[39m
                      [36m>[39m
                        [0m🏖️[0m
                      [36m</span>[39m
                      [36m<div[39m
                        [33mclass[39m=[32m"form-switch"[39m
                      [36m>[39m
                        [36m<input[39m
                          [33mclass[39m=[32m"form-check-input"[39m
                          [33mid[39m=[32m"mode-switch"[39m
                          [33mtype[39m=[32m"checkbox"[39m
                        [36m/>[39m
                      [36m</div>[39m
                    [36m</div>[39m
                  [36m</div>[39m
                [36m</div>[39m
              [36m</div>[39m
            [36m</nav>[39m
            [36m<header[39m
              [33mclass[39m=[32m"page-header text-center p-4"[39m
            [36m>[39m
              [36m<h2>[39m
                [0mWelcome to The Career Lagoon![0m
              [36m</h2>[39m
              [36m<p>[39m
                [0mYour journey to discovering your future starts here.[0m
              [36m</p>[39m
            [36m</header>[39m
            [36m<main[39m
              [33mclass[39m=[32m"App-main py-4"[39m
            [36m>[39m
              [36m<div[39m
                [33mclass[39m=[32m"container"[39m
              [36m>[39m
                [36m<div[39m
                  [33mclass[39m=[32m"justify-content-center row"[39m
                [36m>[39m
                  [36m<div[39m
                    [33mclass[39m=[32m"text-center mb-3 col-md-5"[39m
                  [36m>[39m
                    [36m<div[39m
                      [33mclass[39m=[32m"quiz-box"[39m
                    [36m>[39m
                      [36m<button[39m
                        [33mclass[39m=[32m"mb-2 btn btn-outline-dark"[39m
                        [33mtype[39m=[32m"button"[39m
                      [36m>[39m
                        [0mBasic Questions[0m
                      [36m</button>[39m
                      [36m<p>[39m
                        [0mAn easier quiz for students with less time that contains only multiple choice questions.[0m
                      [36m</p>[39m
                    [36m</div>[39m
                  [36m</div>[39m
                  [36m<div[39m
                    [33mclass[39m=[32m"text-center mb-3 col-md-5"[39m
                  [36m>[39m
                    [36m<div[39m
                      [33mclass[39m=[32m"quiz-box"[39m
                    [36m>[39m
                      [36m<button[39m
                        [33mclass[39m=[32m"mb-2 btn btn-outline-dark"[39m
                        [33mtype[39m=[32m"button"[39m
                      [36m>[39m
                        [0mDetailed Questions[0m
                      [36m</button>[39m
                      [36m<p>[39m
                        [0mA longer, more comprehensive quiz for students who want a more detailed response.[0m
                      [36m</p>[39m
                    [36m</div>[39m
                  [36m</div>[39m
                [36m</div>[39m
              [36m</div>[39m
            [36m</main>[39m
            [36m<footer[39m
              [33mclass[39m=[32m"App-footer"[39m
              [33mstyle[39m=[32m"display: flex; justify-content: space-between; padding: 20px;"[39m
            [36m>[39m
              [36m<form[39m
                [33mclass[39m=[32m""[39m
                [33mstyle[39m=[32m"width: 100%; max-width: 400px;"[39m
              [36m>[39m
                [36m<label[39m
                  [33mclass[39m=[32m"form-label"[39m
                  [33mstyle[39m=[32m"font-size: small;"[39m
                [36m>[39m
                  [0mAPI Key:[0m
                [36m</label>[39m
                [36m<div[39m
                  [33mstyle[39m=[32m"display: flex; gap: 10px; align-items: center; position: relative;"[39m
                [36m>[39m
                  [36m<input[39m
                    [33mclass[39m=[32m"form-control"[39m
                    [33mplaceholder[39m=[32m"Insert API Key Here"[39m
                    [33mtype[39m=[32m"password"[39m
                    [33mvalue[39m=[32m""[39m
                  [36m/>[39m
                  [36m<button[39m
                    [33mclass[39m=[32m"Submit-Button btn btn-primary"[39m
                    [33mstyle[39m=[32m"width: 150px; display: flex; align-items: center; justify-content: center; gap: 5px;"[39m
                    [33mtype[39m=[32m"button"[39m
                  [36m>[39m
                    [36m<span[39m
                      [33mstyle[39m=[32m"visibility: visible;"[39m
                    [36m>[39m
                      [0mSubmit[0m
                    [36m</span>[39m
                  [36m</button>[39m
                [36m</div>[39m
              [36m</form>[39m
              [36m<p[39m
                [33mclass[39m=[32m"footer-text mt-2 mb-0"[39m
              [36m>[39m
                [0mVincent Tucci, Brooklyn Harden,[0m
                [36m<br />[39m
                [0mTaylor Jenkins, Sam Mullaney[0m
                [36m<br />[39m
              [36m</p>[39m
            [36m</footer>[39m
          [36m</div>[39m
        [36m</div>[39m
      [36m</div>[39m
    [36m</body>[39m

       5 | test('renders learn react link', () => {
       6 |   render(<App />);
    >  7 |   const linkElement = screen.getByText(/learn react/i);
         |                              ^
       8 |   expect(linkElement).toBeInTheDocument();
       9 | });
      10 |

      at Object.getElementError (node_modules/@testing-library/react/node_modules/@testing-library/dom/dist/config.js:37:19)
      at node_modules/@testing-library/react/node_modules/@testing-library/dom/dist/query-helpers.js:76:38
      at node_modules/@testing-library/react/node_modules/@testing-library/dom/dist/query-helpers.js:52:17
      at getByText (node_modules/@testing-library/react/node_modules/@testing-library/dom/dist/query-helpers.js:95:19)
      at Object.<anonymous> (src/App.test.tsx:7:30)
      at TestScheduler.scheduleTests (node_modules/@jest/core/build/TestScheduler.js:333:13)
      at runJest (node_modules/@jest/core/build/runJest.js:404:19)
      at _run10000 (node_modules/@jest/core/build/cli/index.js:320:7)
      at runCLI (node_modules/@jest/core/build/cli/index.js:173:3)

[0;33mOne of your dependencies, babel-preset-react-app, is importing the
"@babel/plugin-proposal-private-property-in-object" package without
declaring it in its dependencies. This is currently working because
"@babel/plugin-proposal-private-property-in-object" is already in your
node_modules folder for unrelated reasons, but it [1mmay break at any time[0;33m.

babel-preset-react-app is part of the create-react-app project, [1mwhich
is not maintianed anymore[0;33m. It is thus unlikely that this bug will
ever be fixed. Add "@babel/plugin-proposal-private-property-in-object" to
your devDependencies to work around this error. This will make this message
go away.[0m
  
--------------------|---------|----------|---------|---------|--------------------------------
File                | % Stmts | % Branch | % Funcs | % Lines | Uncovered Line #s              
--------------------|---------|----------|---------|---------|--------------------------------
All files           |   11.63 |     8.08 |     7.6 |   12.12 |                                
 About.tsx          |    7.69 |        0 |       0 |      10 | 10-27                          
 App.tsx            |      35 |    21.42 |      75 |      35 | 23-24,30-41                    
 BasicQuestion.tsx  |    4.76 |        0 |       0 |    5.12 | 73-339                         
 Contact.tsx        |    2.94 |        0 |       0 |    3.22 | 10-114                         
 DetailedQuiz.tsx   |    4.65 |        0 |       0 |    5.12 | 51-273                         
 HomePage.tsx       |   25.45 |    27.27 |    9.09 |   26.92 | 15,26-36,41-53,58,62-64,75-147 
 Results.tsx        |    1.12 |        0 |       0 |    1.17 | 23-308                         
 SwitchMode.tsx     |   81.81 |       50 |      75 |      80 | 17-18                          
 index.tsx          |       0 |      100 |     100 |       0 | 7-19                           
 reportWebVitals.ts |       0 |        0 |       0 |       0 | 3-10                           
--------------------|---------|----------|---------|---------|--------------------------------
Test Suites: 1 failed, 1 total
Tests:       1 failed, 1 total
Snapshots:   0 total
Time:        3.967 s
Ran all test suites.
